Archive member included because of file (symbol)

/root/arm-2011.03//arm-none-eabi/lib/libc.a(lib_a-rand.o)
                              timer.o (rand)
/root/arm-2011.03//arm-none-eabi/lib/libc.a(lib_a-vsprintf.o)
                              Uart.o (vsprintf)
/root/arm-2011.03//arm-none-eabi/lib/libc.a(lib_a-impure.o)
                              /root/arm-2011.03//arm-none-eabi/lib/libc.a(lib_a-rand.o) (_impure_ptr)
/root/arm-2011.03//arm-none-eabi/lib/libc.a(lib_a-svfprintf.o)
                              /root/arm-2011.03//arm-none-eabi/lib/libc.a(lib_a-vsprintf.o) (_svfprintf_r)
/root/arm-2011.03//arm-none-eabi/lib/libc.a(lib_a-dtoa.o)
                              /root/arm-2011.03//arm-none-eabi/lib/libc.a(lib_a-svfprintf.o) (_dtoa_r)
/root/arm-2011.03//arm-none-eabi/lib/libc.a(lib_a-locale.o)
                              /root/arm-2011.03//arm-none-eabi/lib/libc.a(lib_a-svfprintf.o) (_localeconv_r)
/root/arm-2011.03//arm-none-eabi/lib/libc.a(lib_a-mallocr.o)
                              /root/arm-2011.03//arm-none-eabi/lib/libc.a(lib_a-svfprintf.o) (_malloc_r)
/root/arm-2011.03//arm-none-eabi/lib/libc.a(lib_a-memchr.o)
                              /root/arm-2011.03//arm-none-eabi/lib/libc.a(lib_a-svfprintf.o) (memchr)
/root/arm-2011.03//arm-none-eabi/lib/libc.a(lib_a-memcpy.o)
                              /root/arm-2011.03//arm-none-eabi/lib/libc.a(lib_a-dtoa.o) (memcpy)
/root/arm-2011.03//arm-none-eabi/lib/libc.a(lib_a-mlock.o)
                              /root/arm-2011.03//arm-none-eabi/lib/libc.a(lib_a-mallocr.o) (__malloc_lock)
/root/arm-2011.03//arm-none-eabi/lib/libc.a(lib_a-mprec.o)
                              /root/arm-2011.03//arm-none-eabi/lib/libc.a(lib_a-dtoa.o) (_Balloc)
/root/arm-2011.03//arm-none-eabi/lib/libc.a(lib_a-s_fpclassify.o)
                              /root/arm-2011.03//arm-none-eabi/lib/libc.a(lib_a-svfprintf.o) (__fpclassifyd)
/root/arm-2011.03//arm-none-eabi/lib/libc.a(lib_a-sbrkr.o)
                              /root/arm-2011.03//arm-none-eabi/lib/libc.a(lib_a-mallocr.o) (_sbrk_r)
/root/arm-2011.03//arm-none-eabi/lib/libc.a(lib_a-strcmp.o)
                              /root/arm-2011.03//arm-none-eabi/lib/libc.a(lib_a-locale.o) (strcmp)
/root/arm-2011.03//arm-none-eabi/lib/libc.a(lib_a-strlen.o)
                              /root/arm-2011.03//arm-none-eabi/lib/libc.a(lib_a-svfprintf.o) (strlen)
/root/arm-2011.03//arm-none-eabi/lib/libc.a(lib_a-svfiprintf.o)
                              /root/arm-2011.03//arm-none-eabi/lib/libc.a(lib_a-svfprintf.o) (__ssprint_r)
/root/arm-2011.03//arm-none-eabi/lib/libc.a(lib_a-callocr.o)
                              /root/arm-2011.03//arm-none-eabi/lib/libc.a(lib_a-mprec.o) (_calloc_r)
/root/arm-2011.03//arm-none-eabi/lib/libc.a(lib_a-freer.o)
                              /root/arm-2011.03//arm-none-eabi/lib/libc.a(lib_a-mallocr.o) (_free_r)
/root/arm-2011.03//arm-none-eabi/lib/libc.a(lib_a-memmove.o)
                              /root/arm-2011.03//arm-none-eabi/lib/libc.a(lib_a-svfiprintf.o) (memmove)
/root/arm-2011.03//arm-none-eabi/lib/libc.a(lib_a-memset.o)
                              /root/arm-2011.03//arm-none-eabi/lib/libc.a(lib_a-callocr.o) (memset)
/root/arm-2011.03//arm-none-eabi/lib/libc.a(lib_a-reallocr.o)
                              /root/arm-2011.03//arm-none-eabi/lib/libc.a(lib_a-svfiprintf.o) (_realloc_r)
/root/arm-2011.03//arm-none-eabi/lib/libc.a(lib_a-reent.o)
                              /root/arm-2011.03//arm-none-eabi/lib/libc.a(lib_a-sbrkr.o) (errno)
/root/arm-2011.03//lib/gcc/arm-none-eabi/4.5.2/libgcc.a(_udivsi3.o)
                              Lcd.o (__aeabi_uidiv)
/root/arm-2011.03//lib/gcc/arm-none-eabi/4.5.2/libgcc.a(_dvmd_tls.o)
                              /root/arm-2011.03//lib/gcc/arm-none-eabi/4.5.2/libgcc.a(_udivsi3.o) (__aeabi_idiv0)
/root/arm-2011.03//lib/gcc/arm-none-eabi/4.5.2/libgcc.a(_arm_addsubdf3.o)
                              /root/arm-2011.03//arm-none-eabi/lib/libc.a(lib_a-dtoa.o) (__aeabi_dsub)
/root/arm-2011.03//lib/gcc/arm-none-eabi/4.5.2/libgcc.a(_arm_muldivdf3.o)
                              timer.o (__aeabi_dmul)
/root/arm-2011.03//lib/gcc/arm-none-eabi/4.5.2/libgcc.a(_arm_cmpdf2.o)
                              /root/arm-2011.03//arm-none-eabi/lib/libc.a(lib_a-svfprintf.o) (__aeabi_dcmpeq)
/root/arm-2011.03//lib/gcc/arm-none-eabi/4.5.2/libgcc.a(_arm_fixdfsi.o)
                              /root/arm-2011.03//arm-none-eabi/lib/libc.a(lib_a-dtoa.o) (__aeabi_d2iz)
/root/arm-2011.03//lib/gcc/arm-none-eabi/4.5.2/libgcc.a(_arm_fixunsdfsi.o)
                              Uart.o (__aeabi_d2uiz)
/root/arm-2011.03//lib/gcc/arm-none-eabi/4.5.2/libgcc.a(_aeabi_uldivmod.o)
                              /root/arm-2011.03//arm-none-eabi/lib/libc.a(lib_a-svfprintf.o) (__aeabi_uldivmod)
/root/arm-2011.03//lib/gcc/arm-none-eabi/4.5.2/libgcc.a(bpabi.o)
                              /root/arm-2011.03//lib/gcc/arm-none-eabi/4.5.2/libgcc.a(_aeabi_uldivmod.o) (__gnu_uldivmod_helper)
/root/arm-2011.03//lib/gcc/arm-none-eabi/4.5.2/libgcc.a(_divdi3.o)
                              /root/arm-2011.03//lib/gcc/arm-none-eabi/4.5.2/libgcc.a(bpabi.o) (__divdi3)
/root/arm-2011.03//lib/gcc/arm-none-eabi/4.5.2/libgcc.a(_udivdi3.o)
                              /root/arm-2011.03//lib/gcc/arm-none-eabi/4.5.2/libgcc.a(bpabi.o) (__udivdi3)
/root/arm-2011.03//lib/gcc/arm-none-eabi/4.5.2/libgcc.a(_clzsi2.o)
                              /root/arm-2011.03//lib/gcc/arm-none-eabi/4.5.2/libgcc.a(_divdi3.o) (__clzsi2)

Allocating common symbols
Common symbol       size              file

errno               0x4               /root/arm-2011.03//arm-none-eabi/lib/libc.a(lib_a-reent.o)

Memory Configuration

Name             Origin             Length             Attributes
CODE             0x30000000         0x04000000         rw
_ISR_START       0x33ffff00         0x00000100         rw
*default*        0x00000000         0xffffffff

Linker script and memory map


.text           0x30000000     0xd404
 *s3c2450_startup.o(.text)
 .text          0x30000000      0x300 s3c2450_startup.o
                0x30000000                _start
                0x300000b0                ResetHandler
                0x300001a8                IsrIRQ
                0x30000254                _sbrk
 *(.text)
 .text          0x30000300      0x46c libc.o
                0x30000300                MMU_Init
                0x30000518                MMU_SetMTT
                0x300005d0                ChangeRomCacheStatus
                0x3000069c                malloc
                0x3000073c                free
 .text          0x3000076c      0x4a0 Main.o
                0x3000076c                iis_init
                0x3000094c                Main
                0x300009f4                game_over
 *fill*         0x30000c0c        0x4 00
 .text          0x30000c10      0x270 Uart.o
                0x30000c10                Uart_Init
                0x30000d1c                Uart_Printf
                0x30000d64                Uart_Send_String
                0x30000db4                Uart_Send_Byte
                0x30000e38                Uart_Get_Char
 .text          0x30000e80     0x1550 timer.o
                0x30000e80                Timer_Init
                0x30000fd4                Timer1_start
                0x30001044                Timer2_start
                0x300010f8                timer1_handler
                0x30002170                timer2_handler
 .text          0x300023d0      0x184 exception.o
                0x300023d0                SWI_Handler
                0x300023ec                Undef_Handler
                0x30002408                Pabort_Handler
                0x30002444                Dabort_Handler
                0x30002480                Exception_Init
 .text          0x30002554     0x1770 Lcd.o
                0x30002554                Lcd_Copy
                0x300025e0                Lcd_Select_Frame_Buffer
                0x30002620                Lcd_Display_Frame_Buffer
                0x30002658                Lcd_Set_Address
                0x300026b8                Lcd_Draw_BMP
                0x30002a00                Lcd_Puts
                0x30002c38                Lcd_Printf
                0x30002c9c                Lcd_Puts_big
                0x300031a0                Lcd_Make_fullscreen_Buffer
                0x300034dc                Lcd_Make_cookie_Buffer
                0x30003820                Lcd_Make_slide_Buffer
                0x30003b5c                Print_cookie
 .text          0x30003cc4      0x410 key.o
                0x30003cc4                SWITCH_Port_Init
                0x30003da8                EINT8_23_handler
 .text          0x300040d4       0xac rtc.o
                0x300040d4                Rtc_Init
 .text          0x30004180      0x420 Touch.o
                0x30004180                Touch_Init
                0x30004248                Touch_ISR
 .text          0x300045a0      0x26c lcd_init.o
                0x300045a0                Graphic_Init
                0x300045c0                Lcd_Port_Init
                0x300046e8                Lcd_Init
 .text          0x3000480c      0x18c libs.o
                0x3000480c                SET_IF
                0x30004820                WR_IF
                0x30004828                CLR_IF
                0x30004838                MMU_EnableICache
                0x30004848                MMU_DisableICache
                0x30004858                MMU_EnableDCache
                0x30004868                MMU_DisableDCache
                0x30004878                MMU_EnableAlignFault
                0x30004888                MMU_DisableAlignFault
                0x30004898                MMU_EnableMMU
                0x300048a8                MMU_DisableMMU
                0x300048b8                MMU_SetFastBusMode
                0x300048cc                MMU_SetAsyncBusMode
                0x300048e0                MMU_SetTTBase
                0x300048e8                MMU_SetDomain
                0x300048f0                MMU_InvalidateIDCache
                0x300048f8                MMU_InvalidateICache
                0x30004900                MMU_InvalidateICacheMVA
                0x30004908                MMU_PrefetchICacheMVA
                0x30004910                MMU_InvalidateDCache
                0x30004918                MMU_InvalidateDCacheMVA
                0x30004920                MMU_CleanDCacheMVA
                0x30004928                MMU_CleanInvalidateDCacheMVA
                0x30004930                MMU_CleanDCacheIndex
                0x30004938                MMU_CleanInvalidateDCacheIndex
                0x30004940                MMU_WaitForInterrupt
                0x30004948                MMU_InvalidateTLB
                0x30004950                MMU_InvalidateITLB
                0x30004958                MMU_InvalidateITLBMVA
                0x30004960                MMU_InvalidateDTLB
                0x30004968                MMU_InvalidateDTLBMVA
                0x30004970                MMU_SetDCacheLockdownBase
                0x30004978                MMU_SetICacheLockdownBase
                0x30004980                MMU_SetDTLBLockdown
                0x30004988                MMU_SetITLBLockdown
                0x30004990                MMU_SetProcessId
 .text          0x30004998       0x78 /root/arm-2011.03//arm-none-eabi/lib/libc.a(lib_a-rand.o)
                0x30004998                srand
                0x300049b4                rand
 .text          0x30004a10       0x7c /root/arm-2011.03//arm-none-eabi/lib/libc.a(lib_a-vsprintf.o)
                0x30004a10                _vsprintf_r
                0x30004a60                vsprintf
 .text          0x30004a8c        0x0 /root/arm-2011.03//arm-none-eabi/lib/libc.a(lib_a-impure.o)
 .text          0x30004a8c     0x2138 /root/arm-2011.03//arm-none-eabi/lib/libc.a(lib_a-svfprintf.o)
                0x30004a8c                _svfprintf_r
 *fill*         0x30006bc4        0x4 00
 .text          0x30006bc8     0x17d0 /root/arm-2011.03//arm-none-eabi/lib/libc.a(lib_a-dtoa.o)
                0x30006d98                _dtoa_r
 .text          0x30008398       0xd0 /root/arm-2011.03//arm-none-eabi/lib/libc.a(lib_a-locale.o)
                0x30008398                _setlocale_r
                0x30008404                __locale_charset
                0x30008410                __locale_mb_cur_max
                0x30008420                __locale_msgcharset
                0x3000842c                __locale_cjk_lang
                0x30008434                _localeconv_r
                0x30008440                setlocale
                0x3000845c                localeconv
 .text          0x30008468      0x70c /root/arm-2011.03//arm-none-eabi/lib/libc.a(lib_a-mallocr.o)
                0x30008468                _malloc_r
 .text          0x30008b74      0x104 /root/arm-2011.03//arm-none-eabi/lib/libc.a(lib_a-memchr.o)
                0x30008b74                memchr
 .text          0x30008c78      0x1c0 /root/arm-2011.03//arm-none-eabi/lib/libc.a(lib_a-memcpy.o)
                0x30008c78                memcpy
 .text          0x30008e38        0x8 /root/arm-2011.03//arm-none-eabi/lib/libc.a(lib_a-mlock.o)
                0x30008e38                __malloc_lock
                0x30008e3c                __malloc_unlock
 .text          0x30008e40      0xcfc /root/arm-2011.03//arm-none-eabi/lib/libc.a(lib_a-mprec.o)
                0x30008e40                _Balloc
                0x30008ec8                _Bfree
                0x30008ee4                __multadd
                0x30008fc0                __s2b
                0x300090ac                __hi0bits
                0x300090fc                __lo0bits
                0x3000918c                __i2b
                0x300091b0                __multiply
                0x30009398                __pow5mult
                0x3000948c                __lshift
                0x30009590                __mcmp
                0x300095f0                __mdiff
                0x30009748                __ulp
                0x300097a8                __b2d
                0x3000986c                __d2b
                0x30009974                __ratio
                0x300099ec                _mprec_log10
                0x30009a40                __copybits
                0x30009ab4                __any_on
 .text          0x30009b3c       0x8c /root/arm-2011.03//arm-none-eabi/lib/libc.a(lib_a-s_fpclassify.o)
                0x30009b3c                __fpclassifyd
 .text          0x30009bc8       0x40 /root/arm-2011.03//arm-none-eabi/lib/libc.a(lib_a-sbrkr.o)
                0x30009bc8                _sbrk_r
 .text          0x30009c08      0x230 /root/arm-2011.03//arm-none-eabi/lib/libc.a(lib_a-strcmp.o)
                0x30009c08                strcmp
 .text          0x30009e38       0x60 /root/arm-2011.03//arm-none-eabi/lib/libc.a(lib_a-strlen.o)
                0x30009e38                strlen
 .text          0x30009e98     0x1238 /root/arm-2011.03//arm-none-eabi/lib/libc.a(lib_a-svfiprintf.o)
                0x30009e98                __ssprint_r
                0x3000a034                _svfiprintf_r
 .text          0x3000b0d0       0x9c /root/arm-2011.03//arm-none-eabi/lib/libc.a(lib_a-callocr.o)
                0x3000b0d0                _calloc_r
 .text          0x3000b16c      0x360 /root/arm-2011.03//arm-none-eabi/lib/libc.a(lib_a-freer.o)
                0x3000b16c                _malloc_trim_r
                0x3000b268                _free_r
 .text          0x3000b4cc      0x128 /root/arm-2011.03//arm-none-eabi/lib/libc.a(lib_a-memmove.o)
                0x3000b4cc                memmove
 .text          0x3000b5f4      0x100 /root/arm-2011.03//arm-none-eabi/lib/libc.a(lib_a-memset.o)
                0x3000b5f4                memset
 .text          0x3000b6f4      0x5c0 /root/arm-2011.03//arm-none-eabi/lib/libc.a(lib_a-reallocr.o)
                0x3000b6f4                _realloc_r
 .text          0x3000bcb4      0x1ac /root/arm-2011.03//arm-none-eabi/lib/libc.a(lib_a-reent.o)
                0x3000bcb4                cleanup_glue
                0x3000bce0                _reclaim_reent
                0x3000bde8                _wrapup_reent
 .text          0x3000be60      0x114 /root/arm-2011.03//lib/gcc/arm-none-eabi/4.5.2/libgcc.a(_udivsi3.o)
                0x3000be60                __udivsi3
                0x3000be60                __aeabi_uidiv
                0x3000bf54                __aeabi_uidivmod
 .text          0x3000bf74        0x4 /root/arm-2011.03//lib/gcc/arm-none-eabi/4.5.2/libgcc.a(_dvmd_tls.o)
                0x3000bf74                __aeabi_ldiv0
                0x3000bf74                __aeabi_idiv0
 .text          0x3000bf78      0x41c /root/arm-2011.03//lib/gcc/arm-none-eabi/4.5.2/libgcc.a(_arm_addsubdf3.o)
                0x3000bf78                __aeabi_drsub
                0x3000bf80                __aeabi_dsub
                0x3000bf80                __subdf3
                0x3000bf84                __adddf3
                0x3000bf84                __aeabi_dadd
                0x3000c294                __aeabi_ui2d
                0x3000c294                __floatunsidf
                0x3000c2b8                __floatsidf
                0x3000c2b8                __aeabi_i2d
                0x3000c2e0                __extendsfdf2
                0x3000c2e0                __aeabi_f2d
                0x3000c320                __aeabi_ul2d
                0x3000c320                __floatundidf
                0x3000c334                __floatdidf
                0x3000c334                __aeabi_l2d
 .text          0x3000c394      0x49c /root/arm-2011.03//lib/gcc/arm-none-eabi/4.5.2/libgcc.a(_arm_muldivdf3.o)
                0x3000c394                __aeabi_dmul
                0x3000c394                __muldf3
                0x3000c624                __aeabi_ddiv
                0x3000c624                __divdf3
 .text          0x3000c830      0x144 /root/arm-2011.03//lib/gcc/arm-none-eabi/4.5.2/libgcc.a(_arm_cmpdf2.o)
                0x3000c830                __gtdf2
                0x3000c830                __gedf2
                0x3000c838                __ltdf2
                0x3000c838                __ledf2
                0x3000c840                __cmpdf2
                0x3000c840                __eqdf2
                0x3000c840                __nedf2
                0x3000c8c8                __aeabi_cdrcmple
                0x3000c8e4                __aeabi_cdcmple
                0x3000c8e4                __aeabi_cdcmpeq
                0x3000c8fc                __aeabi_dcmpeq
                0x3000c914                __aeabi_dcmplt
                0x3000c92c                __aeabi_dcmple
                0x3000c944                __aeabi_dcmpge
                0x3000c95c                __aeabi_dcmpgt
 .text          0x3000c974       0x5c /root/arm-2011.03//lib/gcc/arm-none-eabi/4.5.2/libgcc.a(_arm_fixdfsi.o)
                0x3000c974                __fixdfsi
                0x3000c974                __aeabi_d2iz
 .text          0x3000c9d0       0x54 /root/arm-2011.03//lib/gcc/arm-none-eabi/4.5.2/libgcc.a(_arm_fixunsdfsi.o)
                0x3000c9d0                __fixunsdfsi
                0x3000c9d0                __aeabi_d2uiz
 .text          0x3000ca24       0x3c /root/arm-2011.03//lib/gcc/arm-none-eabi/4.5.2/libgcc.a(_aeabi_uldivmod.o)
                0x3000ca24                __aeabi_uldivmod
 .text          0x3000ca60       0x80 /root/arm-2011.03//lib/gcc/arm-none-eabi/4.5.2/libgcc.a(bpabi.o)
                0x3000ca60                __gnu_ldivmod_helper
                0x3000caa0                __gnu_uldivmod_helper
 .text          0x3000cae0      0x4a8 /root/arm-2011.03//lib/gcc/arm-none-eabi/4.5.2/libgcc.a(_divdi3.o)
                0x3000cae0                __divdi3
 .text          0x3000cf88      0x434 /root/arm-2011.03//lib/gcc/arm-none-eabi/4.5.2/libgcc.a(_udivdi3.o)
                0x3000cf88                __udivdi3
 .text          0x3000d3bc       0x48 /root/arm-2011.03//lib/gcc/arm-none-eabi/4.5.2/libgcc.a(_clzsi2.o)
                0x3000d3bc                __clzsi2
                0x3000d404                . = ALIGN (0x4)

.glue_7         0x3000d404        0x0
 .glue_7        0x00000000        0x0 linker stubs

.glue_7t        0x3000d404        0x0
 .glue_7t       0x00000000        0x0 linker stubs

.vfp11_veneer   0x3000d404        0x0
 .vfp11_veneer  0x00000000        0x0 linker stubs

.v4_bx          0x3000d404        0x0
 .v4_bx         0x00000000        0x0 linker stubs

.rodata         0x3000d408    0xc074c
                0x3000d408                rodata_start_addr = .
 *(.rodata)
 .rodata        0x3000d408    0xbf4ac Main.o
                0x3000d408                ttt
                0x3006ce40                tt
 .rodata        0x300cc8b4       0x20 timer.o
 .rodata        0x300cc8d4       0x84 exception.o
 .rodata        0x300cc958     0x1010 Lcd.o
                0x300cc958                eng8x16
 .rodata        0x300cd968       0x18 key.o
 .rodata        0x300cd980        0x4 /root/arm-2011.03//arm-none-eabi/lib/libc.a(lib_a-impure.o)
                0x300cd980                _global_impure_ptr
 .rodata        0x300cd984       0x20 /root/arm-2011.03//arm-none-eabi/lib/libc.a(lib_a-svfprintf.o)
 *fill*         0x300cd9a4        0x4 00
 .rodata        0x300cd9a8      0x128 /root/arm-2011.03//arm-none-eabi/lib/libc.a(lib_a-mprec.o)
                0x300cd9b8                __mprec_tens
                0x300cda80                __mprec_bigtens
                0x300cdaa8                __mprec_tinytens
 .rodata        0x300cdad0       0x20 /root/arm-2011.03//arm-none-eabi/lib/libc.a(lib_a-svfiprintf.o)
 *(.rodata.*)
 .rodata.str1.4
                0x300cdaf0        0x2 /root/arm-2011.03//arm-none-eabi/lib/libc.a(lib_a-impure.o)
                                  0x4 (size before relaxing)
 *fill*         0x300cdaf2        0x2 00
 .rodata.str1.4
                0x300cdaf4       0x42 /root/arm-2011.03//arm-none-eabi/lib/libc.a(lib_a-svfprintf.o)
                                 0x44 (size before relaxing)
 *fill*         0x300cdb36        0x2 00
 .rodata.str1.4
                0x300cdb38       0x10 /root/arm-2011.03//arm-none-eabi/lib/libc.a(lib_a-dtoa.o)
                                 0x14 (size before relaxing)
 .rodata.str1.4
                0x300cdb48        0xc /root/arm-2011.03//arm-none-eabi/lib/libc.a(lib_a-locale.o)
                                 0x14 (size before relaxing)
 .rodata.str1.4
                0x00000000       0x30 /root/arm-2011.03//arm-none-eabi/lib/libc.a(lib_a-svfiprintf.o)
                0x300cdb54                . = ALIGN (0x4)
                0x300cdb54                rodata_end_addr = .

.ARM.extab      0x300cdb54        0x0
 .ARM.extab     0x300cdb54        0x0 /root/arm-2011.03//lib/gcc/arm-none-eabi/4.5.2/libgcc.a(_divdi3.o)
 .ARM.extab     0x300cdb54        0x0 /root/arm-2011.03//lib/gcc/arm-none-eabi/4.5.2/libgcc.a(_udivdi3.o)

.ARM.exidx      0x300cdb54        0x8
 .ARM.exidx     0x300cdb54        0x8 /root/arm-2011.03//lib/gcc/arm-none-eabi/4.5.2/libgcc.a(_divdi3.o)
 .ARM.exidx     0x300cdb5c        0x0 /root/arm-2011.03//lib/gcc/arm-none-eabi/4.5.2/libgcc.a(_udivdi3.o)
                                  0x8 (size before relaxing)

.data           0x300cdb60    0xc2b18
                0x300cdb60                data_start_addr = .
                0x300cdb60                __DATA_START__ = .
 *(.data)
 .data          0x300cdb60        0x0 s3c2450_startup.o
 .data          0x300cdb60        0x4 libc.o
                0x300cdb60                mallocPt
 .data          0x300cdb64    0xc2248 Main.o
                0x300cdb64                bg2
                0x3012d59c                start
                0x3018cfd4                run
                0x3018e6bc                slide
                0x3018fd44                start_x1
                0x3018fd48                ptr
 .data          0x3018fdac        0x0 Uart.o
 .data          0x3018fdac        0x0 timer.o
 .data          0x3018fdac        0x0 exception.o
 .data          0x3018fdac        0x8 Lcd.o
 .data          0x3018fdb4        0x0 key.o
 .data          0x3018fdb4        0x0 rtc.o
 .data          0x3018fdb4        0x0 Touch.o
 .data          0x3018fdb4        0x0 lcd_init.o
 .data          0x3018fdb4        0x0 libs.o
 .data          0x3018fdb4        0x0 /root/arm-2011.03//arm-none-eabi/lib/libc.a(lib_a-rand.o)
 .data          0x3018fdb4        0x0 /root/arm-2011.03//arm-none-eabi/lib/libc.a(lib_a-vsprintf.o)
 *fill*         0x3018fdb4        0x4 00
 .data          0x3018fdb8      0x430 /root/arm-2011.03//arm-none-eabi/lib/libc.a(lib_a-impure.o)
                0x3018fdb8                _impure_ptr
 .data          0x301901e8        0x0 /root/arm-2011.03//arm-none-eabi/lib/libc.a(lib_a-svfprintf.o)
 .data          0x301901e8        0x0 /root/arm-2011.03//arm-none-eabi/lib/libc.a(lib_a-dtoa.o)
 .data          0x301901e8       0x7c /root/arm-2011.03//arm-none-eabi/lib/libc.a(lib_a-locale.o)
                0x30190208                __mb_cur_max
 .data          0x30190264      0x410 /root/arm-2011.03//arm-none-eabi/lib/libc.a(lib_a-mallocr.o)
                0x30190264                __malloc_av_
                0x3019066c                __malloc_sbrk_base
                0x30190670                __malloc_trim_threshold
 .data          0x30190674        0x0 /root/arm-2011.03//arm-none-eabi/lib/libc.a(lib_a-memchr.o)
 .data          0x30190674        0x0 /root/arm-2011.03//arm-none-eabi/lib/libc.a(lib_a-memcpy.o)
 .data          0x30190674        0x0 /root/arm-2011.03//arm-none-eabi/lib/libc.a(lib_a-mlock.o)
 .data          0x30190674        0x0 /root/arm-2011.03//arm-none-eabi/lib/libc.a(lib_a-mprec.o)
 .data          0x30190674        0x0 /root/arm-2011.03//arm-none-eabi/lib/libc.a(lib_a-s_fpclassify.o)
 .data          0x30190674        0x0 /root/arm-2011.03//arm-none-eabi/lib/libc.a(lib_a-sbrkr.o)
 .data          0x30190674        0x0 /root/arm-2011.03//arm-none-eabi/lib/libc.a(lib_a-strcmp.o)
 .data          0x30190674        0x0 /root/arm-2011.03//arm-none-eabi/lib/libc.a(lib_a-strlen.o)
 .data          0x30190674        0x0 /root/arm-2011.03//arm-none-eabi/lib/libc.a(lib_a-svfiprintf.o)
 .data          0x30190674        0x0 /root/arm-2011.03//arm-none-eabi/lib/libc.a(lib_a-callocr.o)
 .data          0x30190674        0x0 /root/arm-2011.03//arm-none-eabi/lib/libc.a(lib_a-freer.o)
 .data          0x30190674        0x0 /root/arm-2011.03//arm-none-eabi/lib/libc.a(lib_a-memmove.o)
 .data          0x30190674        0x0 /root/arm-2011.03//arm-none-eabi/lib/libc.a(lib_a-memset.o)
 .data          0x30190674        0x0 /root/arm-2011.03//arm-none-eabi/lib/libc.a(lib_a-reallocr.o)
 .data          0x30190674        0x0 /root/arm-2011.03//arm-none-eabi/lib/libc.a(lib_a-reent.o)
 .data          0x30190674        0x0 /root/arm-2011.03//lib/gcc/arm-none-eabi/4.5.2/libgcc.a(_udivsi3.o)
 .data          0x30190674        0x0 /root/arm-2011.03//lib/gcc/arm-none-eabi/4.5.2/libgcc.a(_dvmd_tls.o)
 .data          0x30190674        0x0 /root/arm-2011.03//lib/gcc/arm-none-eabi/4.5.2/libgcc.a(_arm_addsubdf3.o)
 .data          0x30190674        0x0 /root/arm-2011.03//lib/gcc/arm-none-eabi/4.5.2/libgcc.a(_arm_muldivdf3.o)
 .data          0x30190674        0x0 /root/arm-2011.03//lib/gcc/arm-none-eabi/4.5.2/libgcc.a(_arm_cmpdf2.o)
 .data          0x30190674        0x0 /root/arm-2011.03//lib/gcc/arm-none-eabi/4.5.2/libgcc.a(_arm_fixdfsi.o)
 .data          0x30190674        0x0 /root/arm-2011.03//lib/gcc/arm-none-eabi/4.5.2/libgcc.a(_arm_fixunsdfsi.o)
 .data          0x30190674        0x0 /root/arm-2011.03//lib/gcc/arm-none-eabi/4.5.2/libgcc.a(_aeabi_uldivmod.o)
 .data          0x30190674        0x0 /root/arm-2011.03//lib/gcc/arm-none-eabi/4.5.2/libgcc.a(bpabi.o)
 .data          0x30190674        0x0 /root/arm-2011.03//lib/gcc/arm-none-eabi/4.5.2/libgcc.a(_divdi3.o)
 .data          0x30190674        0x0 /root/arm-2011.03//lib/gcc/arm-none-eabi/4.5.2/libgcc.a(_udivdi3.o)
 .data          0x30190674        0x0 /root/arm-2011.03//lib/gcc/arm-none-eabi/4.5.2/libgcc.a(_clzsi2.o)
 *(.data.*)
                0x30190678                . = ALIGN (0x8)
 *fill*         0x30190674        0x4 00
                0x30190678                data_end_addr = .
                0x30190678                __DATA_END__ = .

.bss            0x30190678    0x82a48
                0x30190678                bss_start_addr = .
                0x30190678                __BSS_START__ = .
 *(.bss)
 .bss           0x30190678        0x0 s3c2450_startup.o
 .bss           0x30190678        0x0 libc.o
 .bss           0x30190678       0x60 Main.o
                0x30190678                save_B
                0x3019067c                save_E
                0x30190680                save_PB
                0x30190684                save_PE
                0x30190688                press_jump
                0x3019068c                press_slide
                0x30190690                random1
                0x30190694                random2
                0x30190698                random3
                0x3019069c                start_x3
                0x301906a0                hit_check3
                0x301906a4                position
                0x301906a8                num_life
                0x301906ac                score
                0x301906b0                Fb_ptr
                0x301906b4                start_x2
                0x301906b8                hit_check1
                0x301906bc                hit_check2
                0x301906c0                temp_start_x1
                0x301906c4                temp_start_x2
                0x301906c8                level
 .bss           0x301906d8        0x0 Uart.o
 .bss           0x301906d8        0x0 timer.o
 .bss           0x301906d8        0x0 exception.o
 .bss           0x301906d8    0x82998 Lcd.o
                0x301906f0                fullscreen_buffer
                0x3020fef0                cookie_buffer
                0x30211d30                slide_buffer
 .bss           0x30213070        0x0 key.o
 .bss           0x30213070        0x0 rtc.o
 .bss           0x30213070        0x8 Touch.o
                0x30213070                ADC_x
                0x30213074                ADC_y
 .bss           0x30213078        0x0 lcd_init.o
 .bss           0x30213078        0x0 libs.o
 .bss           0x30213078        0x0 /root/arm-2011.03//arm-none-eabi/lib/libc.a(lib_a-rand.o)
 .bss           0x30213078        0x0 /root/arm-2011.03//arm-none-eabi/lib/libc.a(lib_a-vsprintf.o)
 .bss           0x30213078        0x0 /root/arm-2011.03//arm-none-eabi/lib/libc.a(lib_a-impure.o)
 .bss           0x30213078        0x0 /root/arm-2011.03//arm-none-eabi/lib/libc.a(lib_a-svfprintf.o)
 .bss           0x30213078        0x0 /root/arm-2011.03//arm-none-eabi/lib/libc.a(lib_a-dtoa.o)
 .bss           0x30213078        0xc /root/arm-2011.03//arm-none-eabi/lib/libc.a(lib_a-locale.o)
                0x30213078                __nlocale_changed
                0x3021307c                __mlocale_changed
                0x30213080                _PathLocale
 .bss           0x30213084       0x34 /root/arm-2011.03//arm-none-eabi/lib/libc.a(lib_a-mallocr.o)
                0x30213084                __malloc_top_pad
                0x30213088                __malloc_current_mallinfo
                0x302130b0                __malloc_max_sbrked_mem
                0x302130b4                __malloc_max_total_mem
 .bss           0x302130b8        0x0 /root/arm-2011.03//arm-none-eabi/lib/libc.a(lib_a-memchr.o)
 .bss           0x302130b8        0x0 /root/arm-2011.03//arm-none-eabi/lib/libc.a(lib_a-memcpy.o)
 .bss           0x302130b8        0x0 /root/arm-2011.03//arm-none-eabi/lib/libc.a(lib_a-mlock.o)
 .bss           0x302130b8        0x0 /root/arm-2011.03//arm-none-eabi/lib/libc.a(lib_a-mprec.o)
 .bss           0x302130b8        0x0 /root/arm-2011.03//arm-none-eabi/lib/libc.a(lib_a-s_fpclassify.o)
 .bss           0x302130b8        0x0 /root/arm-2011.03//arm-none-eabi/lib/libc.a(lib_a-sbrkr.o)
 .bss           0x302130b8        0x0 /root/arm-2011.03//arm-none-eabi/lib/libc.a(lib_a-strcmp.o)
 .bss           0x302130b8        0x0 /root/arm-2011.03//arm-none-eabi/lib/libc.a(lib_a-strlen.o)
 .bss           0x302130b8        0x0 /root/arm-2011.03//arm-none-eabi/lib/libc.a(lib_a-svfiprintf.o)
 .bss           0x302130b8        0x0 /root/arm-2011.03//arm-none-eabi/lib/libc.a(lib_a-callocr.o)
 .bss           0x302130b8        0x0 /root/arm-2011.03//arm-none-eabi/lib/libc.a(lib_a-freer.o)
 .bss           0x302130b8        0x0 /root/arm-2011.03//arm-none-eabi/lib/libc.a(lib_a-memmove.o)
 .bss           0x302130b8        0x0 /root/arm-2011.03//arm-none-eabi/lib/libc.a(lib_a-memset.o)
 .bss           0x302130b8        0x0 /root/arm-2011.03//arm-none-eabi/lib/libc.a(lib_a-reallocr.o)
 .bss           0x302130b8        0x0 /root/arm-2011.03//arm-none-eabi/lib/libc.a(lib_a-reent.o)
 .bss           0x302130b8        0x0 /root/arm-2011.03//lib/gcc/arm-none-eabi/4.5.2/libgcc.a(_udivsi3.o)
 .bss           0x302130b8        0x0 /root/arm-2011.03//lib/gcc/arm-none-eabi/4.5.2/libgcc.a(_dvmd_tls.o)
 .bss           0x302130b8        0x0 /root/arm-2011.03//lib/gcc/arm-none-eabi/4.5.2/libgcc.a(_arm_addsubdf3.o)
 .bss           0x302130b8        0x0 /root/arm-2011.03//lib/gcc/arm-none-eabi/4.5.2/libgcc.a(_arm_muldivdf3.o)
 .bss           0x302130b8        0x0 /root/arm-2011.03//lib/gcc/arm-none-eabi/4.5.2/libgcc.a(_arm_cmpdf2.o)
 .bss           0x302130b8        0x0 /root/arm-2011.03//lib/gcc/arm-none-eabi/4.5.2/libgcc.a(_arm_fixdfsi.o)
 .bss           0x302130b8        0x0 /root/arm-2011.03//lib/gcc/arm-none-eabi/4.5.2/libgcc.a(_arm_fixunsdfsi.o)
 .bss           0x302130b8        0x0 /root/arm-2011.03//lib/gcc/arm-none-eabi/4.5.2/libgcc.a(_aeabi_uldivmod.o)
 .bss           0x302130b8        0x0 /root/arm-2011.03//lib/gcc/arm-none-eabi/4.5.2/libgcc.a(bpabi.o)
 .bss           0x302130b8        0x0 /root/arm-2011.03//lib/gcc/arm-none-eabi/4.5.2/libgcc.a(_divdi3.o)
 .bss           0x302130b8        0x0 /root/arm-2011.03//lib/gcc/arm-none-eabi/4.5.2/libgcc.a(_udivdi3.o)
 .bss           0x302130b8        0x0 /root/arm-2011.03//lib/gcc/arm-none-eabi/4.5.2/libgcc.a(_clzsi2.o)
 *(.bss.*)
 *(COMMON)
 COMMON         0x302130b8        0x4 /root/arm-2011.03//arm-none-eabi/lib/libc.a(lib_a-reent.o)
                0x302130b8                errno
                0x302130c0                . = ALIGN (0x8)
 *fill*         0x302130bc        0x4 00
                0x302130c0                bss_end_addr = .
                0x302130c0                __BSS_END__ = .
                0x302130c0                end = .
                0x302130c0                PROVIDE (end, .)

.int_vec        0x33ffff00       0xc0
 s3c2450_startup.o(int_vect)
 int_vect       0x33ffff00       0xc0 s3c2450_startup.o
                0x33ffff00                HandleReset
                0x33ffff04                HandleUndef
                0x33ffff08                HandleSWI
                0x33ffff0c                HandlePabort
                0x33ffff10                HandleDabort
                0x33ffff14                HandleReserved
                0x33ffff18                HandleIRQ
                0x33ffff1c                HandleFIQ
                0x33ffff20                HandleEINT0
                0x33ffff24                HandleEINT1
                0x33ffff28                HandleEINT2
                0x33ffff2c                HandleEINT3
                0x33ffff30                HandleEINT4_7
                0x33ffff34                HandleEINT8_23
                0x33ffff38                HandleCAM
                0x33ffff3c                HandleBATFLT
                0x33ffff40                HandleTICK
                0x33ffff44                HandleWDT
                0x33ffff48                HandleTIMER0
                0x33ffff4c                HandleTIMER1
                0x33ffff50                HandleTIMER2
                0x33ffff54                HandleTIMER3
                0x33ffff58                HandleTIMER4
                0x33ffff5c                HandleUART2
                0x33ffff60                HandleLCD
                0x33ffff64                HandleDMA
                0x33ffff68                HandleUART3
                0x33ffff6c                HandleCFCON
                0x33ffff70                HandleSDI1
                0x33ffff74                HandleSDI0
                0x33ffff78                HandleSPI0
                0x33ffff7c                HandleUART1
                0x33ffff80                HandleNFCON
                0x33ffff84                HandleUSBD
                0x33ffff88                HandleUSBH
                0x33ffff8c                HandleIIC
                0x33ffff90                HandleUART0
                0x33ffff94                HandleSPI1
                0x33ffff98                HandleRTC
                0x33ffff9c                HandleADC
                0x33ffffa0                Handle2D
                0x33ffffa4                HandleIIC1
                0x33ffffa8                HandleRSV1
                0x33ffffac                HandleRSV2
                0x33ffffb0                HandlePCM0
                0x33ffffb4                HandlePCM1
                0x33ffffb8                HandleI2S0
                0x33ffffbc                HandleI2S1
LOAD libc.o
LOAD Main.o
LOAD Uart.o
LOAD timer.o
LOAD exception.o
LOAD Lcd.o
LOAD key.o
LOAD rtc.o
LOAD Touch.o
LOAD lcd_init.o
LOAD s3c2450_startup.o
LOAD libs.o
LOAD /root/arm-2011.03//arm-none-eabi/lib/libc.a
LOAD /root/arm-2011.03//lib/gcc/arm-none-eabi/4.5.2/libgcc.a
LOAD /root/arm-2011.03//lib/gcc/arm-none-eabi/4.5.2/libgcc.a
OUTPUT(MDS2450 elf32-littlearm)

.ARM.attributes
                0x00000000       0x28
 .ARM.attributes
                0x00000000       0x1c s3c2450_startup.o
 .ARM.attributes
                0x0000001c       0x2c libc.o
 .ARM.attributes
                0x00000048       0x2c Main.o
 .ARM.attributes
                0x00000074       0x2c Uart.o
 .ARM.attributes
                0x000000a0       0x2c timer.o
 .ARM.attributes
                0x000000cc       0x2c exception.o
 .ARM.attributes
                0x000000f8       0x2c Lcd.o
 .ARM.attributes
                0x00000124       0x2c key.o
 .ARM.attributes
                0x00000150       0x2c rtc.o
 .ARM.attributes
                0x0000017c       0x2c Touch.o
 .ARM.attributes
                0x000001a8       0x2c lcd_init.o
 .ARM.attributes
                0x000001d4       0x1c libs.o
 .ARM.attributes
                0x000001f0       0x34 /root/arm-2011.03//arm-none-eabi/lib/libc.a(lib_a-rand.o)
 .ARM.attributes
                0x00000224       0x34 /root/arm-2011.03//arm-none-eabi/lib/libc.a(lib_a-vsprintf.o)
 .ARM.attributes
                0x00000258       0x34 /root/arm-2011.03//arm-none-eabi/lib/libc.a(lib_a-impure.o)
 .ARM.attributes
                0x0000028c       0x34 /root/arm-2011.03//arm-none-eabi/lib/libc.a(lib_a-svfprintf.o)
 .ARM.attributes
                0x000002c0       0x34 /root/arm-2011.03//arm-none-eabi/lib/libc.a(lib_a-dtoa.o)
 .ARM.attributes
                0x000002f4       0x34 /root/arm-2011.03//arm-none-eabi/lib/libc.a(lib_a-locale.o)
 .ARM.attributes
                0x00000328       0x34 /root/arm-2011.03//arm-none-eabi/lib/libc.a(lib_a-mallocr.o)
 .ARM.attributes
                0x0000035c       0x34 /root/arm-2011.03//arm-none-eabi/lib/libc.a(lib_a-memchr.o)
 .ARM.attributes
                0x00000390       0x34 /root/arm-2011.03//arm-none-eabi/lib/libc.a(lib_a-memcpy.o)
 .ARM.attributes
                0x000003c4       0x34 /root/arm-2011.03//arm-none-eabi/lib/libc.a(lib_a-mlock.o)
 .ARM.attributes
                0x000003f8       0x34 /root/arm-2011.03//arm-none-eabi/lib/libc.a(lib_a-mprec.o)
 .ARM.attributes
                0x0000042c       0x34 /root/arm-2011.03//arm-none-eabi/lib/libc.a(lib_a-s_fpclassify.o)
 .ARM.attributes
                0x00000460       0x34 /root/arm-2011.03//arm-none-eabi/lib/libc.a(lib_a-sbrkr.o)
 .ARM.attributes
                0x00000494       0x34 /root/arm-2011.03//arm-none-eabi/lib/libc.a(lib_a-strcmp.o)
 .ARM.attributes
                0x000004c8       0x34 /root/arm-2011.03//arm-none-eabi/lib/libc.a(lib_a-strlen.o)
 .ARM.attributes
                0x000004fc       0x34 /root/arm-2011.03//arm-none-eabi/lib/libc.a(lib_a-svfiprintf.o)
 .ARM.attributes
                0x00000530       0x34 /root/arm-2011.03//arm-none-eabi/lib/libc.a(lib_a-callocr.o)
 .ARM.attributes
                0x00000564       0x34 /root/arm-2011.03//arm-none-eabi/lib/libc.a(lib_a-freer.o)
 .ARM.attributes
                0x00000598       0x34 /root/arm-2011.03//arm-none-eabi/lib/libc.a(lib_a-memmove.o)
 .ARM.attributes
                0x000005cc       0x34 /root/arm-2011.03//arm-none-eabi/lib/libc.a(lib_a-memset.o)
 .ARM.attributes
                0x00000600       0x34 /root/arm-2011.03//arm-none-eabi/lib/libc.a(lib_a-reallocr.o)
 .ARM.attributes
                0x00000634       0x34 /root/arm-2011.03//arm-none-eabi/lib/libc.a(lib_a-reent.o)
 .ARM.attributes
                0x00000668       0x1a /root/arm-2011.03//lib/gcc/arm-none-eabi/4.5.2/libgcc.a(_udivsi3.o)
 .ARM.attributes
                0x00000682       0x18 /root/arm-2011.03//lib/gcc/arm-none-eabi/4.5.2/libgcc.a(_dvmd_tls.o)
 .ARM.attributes
                0x0000069a       0x1a /root/arm-2011.03//lib/gcc/arm-none-eabi/4.5.2/libgcc.a(_arm_addsubdf3.o)
 .ARM.attributes
                0x000006b4       0x1a /root/arm-2011.03//lib/gcc/arm-none-eabi/4.5.2/libgcc.a(_arm_muldivdf3.o)
 .ARM.attributes
                0x000006ce       0x1a /root/arm-2011.03//lib/gcc/arm-none-eabi/4.5.2/libgcc.a(_arm_cmpdf2.o)
 .ARM.attributes
                0x000006e8       0x1a /root/arm-2011.03//lib/gcc/arm-none-eabi/4.5.2/libgcc.a(_arm_fixdfsi.o)
 .ARM.attributes
                0x00000702       0x1a /root/arm-2011.03//lib/gcc/arm-none-eabi/4.5.2/libgcc.a(_arm_fixunsdfsi.o)
 .ARM.attributes
                0x0000071c       0x1a /root/arm-2011.03//lib/gcc/arm-none-eabi/4.5.2/libgcc.a(_aeabi_uldivmod.o)
 .ARM.attributes
                0x00000736       0x34 /root/arm-2011.03//lib/gcc/arm-none-eabi/4.5.2/libgcc.a(bpabi.o)
 .ARM.attributes
                0x0000076a       0x34 /root/arm-2011.03//lib/gcc/arm-none-eabi/4.5.2/libgcc.a(_divdi3.o)
 .ARM.attributes
                0x0000079e       0x34 /root/arm-2011.03//lib/gcc/arm-none-eabi/4.5.2/libgcc.a(_udivdi3.o)
 .ARM.attributes
                0x000007d2       0x1a /root/arm-2011.03//lib/gcc/arm-none-eabi/4.5.2/libgcc.a(_clzsi2.o)

.comment        0x00000000       0x2a
 .comment       0x00000000       0x2a libc.o
                                 0x2b (size before relaxing)
 .comment       0x00000000       0x2b Main.o
 .comment       0x00000000       0x2b Uart.o
 .comment       0x00000000       0x2b timer.o
 .comment       0x00000000       0x2b exception.o
 .comment       0x00000000       0x2b Lcd.o
 .comment       0x00000000       0x2b key.o
 .comment       0x00000000       0x2b rtc.o
 .comment       0x00000000       0x2b Touch.o
 .comment       0x00000000       0x2b lcd_init.o

.debug_line     0x00000000      0xb1e
 .debug_line    0x00000000       0xbe s3c2450_startup.o
 .debug_line    0x000000be       0xc2 libc.o
 .debug_line    0x00000180       0xd6 Main.o
 .debug_line    0x00000256       0xc7 Uart.o
 .debug_line    0x0000031d      0x2c1 timer.o
 .debug_line    0x000005de       0x67 exception.o
 .debug_line    0x00000645      0x266 Lcd.o
 .debug_line    0x000008ab       0x79 key.o
 .debug_line    0x00000924       0x3c rtc.o
 .debug_line    0x00000960       0x97 Touch.o
 .debug_line    0x000009f7       0x5d lcd_init.o
 .debug_line    0x00000a54       0xca libs.o

.debug_info     0x00000000     0x1759
 .debug_info    0x00000000       0x53 s3c2450_startup.o
 .debug_info    0x00000053      0x1af libc.o
 .debug_info    0x00000202      0x3cb Main.o
 .debug_info    0x000005cd      0x175 Uart.o
 .debug_info    0x00000742      0x35c timer.o
 .debug_info    0x00000a9e      0x130 exception.o
 .debug_info    0x00000bce      0x7d6 Lcd.o
 .debug_info    0x000013a4      0x1f8 key.o
 .debug_info    0x0000159c       0x3b rtc.o
 .debug_info    0x000015d7       0xd5 Touch.o
 .debug_info    0x000016ac       0x65 lcd_init.o
 .debug_info    0x00001711       0x48 libs.o

.debug_abbrev   0x00000000      0x6b3
 .debug_abbrev  0x00000000       0x14 s3c2450_startup.o
 .debug_abbrev  0x00000014       0xc8 libc.o
 .debug_abbrev  0x000000dc       0xdd Main.o
 .debug_abbrev  0x000001b9       0xf5 Uart.o
 .debug_abbrev  0x000002ae       0xf3 timer.o
 .debug_abbrev  0x000003a1       0x7d exception.o
 .debug_abbrev  0x0000041e      0x119 Lcd.o
 .debug_abbrev  0x00000537       0xae key.o
 .debug_abbrev  0x000005e5       0x29 rtc.o
 .debug_abbrev  0x0000060e       0x68 Touch.o
 .debug_abbrev  0x00000676       0x29 lcd_init.o
 .debug_abbrev  0x0000069f       0x14 libs.o

.debug_aranges  0x00000000      0x180
 .debug_aranges
                0x00000000       0x20 s3c2450_startup.o
 .debug_aranges
                0x00000020       0x20 libc.o
 .debug_aranges
                0x00000040       0x20 Main.o
 .debug_aranges
                0x00000060       0x20 Uart.o
 .debug_aranges
                0x00000080       0x20 timer.o
 .debug_aranges
                0x000000a0       0x20 exception.o
 .debug_aranges
                0x000000c0       0x20 Lcd.o
 .debug_aranges
                0x000000e0       0x20 key.o
 .debug_aranges
                0x00000100       0x20 rtc.o
 .debug_aranges
                0x00000120       0x20 Touch.o
 .debug_aranges
                0x00000140       0x20 lcd_init.o
 .debug_aranges
                0x00000160       0x20 libs.o

.debug_loc      0x00000000      0x764
 .debug_loc     0x00000000       0xdc libc.o
 .debug_loc     0x000000dc       0x84 Main.o
 .debug_loc     0x00000160       0xdc Uart.o
 .debug_loc     0x0000023c       0xdc timer.o
 .debug_loc     0x00000318       0xdc exception.o
 .debug_loc     0x000003f4      0x210 Lcd.o
 .debug_loc     0x00000604       0x58 key.o
 .debug_loc     0x0000065c       0x2c rtc.o
 .debug_loc     0x00000688       0x58 Touch.o
 .debug_loc     0x000006e0       0x84 lcd_init.o

.debug_pubnames
                0x00000000      0x56f
 .debug_pubnames
                0x00000000       0x68 libc.o
 .debug_pubnames
                0x00000068      0x193 Main.o
 .debug_pubnames
                0x000001fb       0x6a Uart.o
 .debug_pubnames
                0x00000265       0x69 timer.o
 .debug_pubnames
                0x000002ce       0x6d exception.o
 .debug_pubnames
                0x0000033b      0x154 Lcd.o
 .debug_pubnames
                0x0000048f       0x3c key.o
 .debug_pubnames
                0x000004cb       0x1f rtc.o
 .debug_pubnames
                0x000004ea       0x43 Touch.o
 .debug_pubnames
                0x0000052d       0x42 lcd_init.o

.debug_pubtypes
                0x00000000       0x90
 .debug_pubtypes
                0x00000000       0x12 libc.o
 .debug_pubtypes
                0x00000012       0x3f Uart.o
 .debug_pubtypes
                0x00000051       0x3f Lcd.o

.debug_str      0x00000000      0x582
 .debug_str     0x00000000       0xb3 libc.o
                                 0xc0 (size before relaxing)
 .debug_str     0x000000b3      0x129 Main.o
                                0x183 (size before relaxing)
 .debug_str     0x000001dc       0x88 Uart.o
                                 0xc6 (size before relaxing)
 .debug_str     0x00000264       0x80 timer.o
                                0x13d (size before relaxing)
 .debug_str     0x000002e4       0x9b exception.o
                                 0xcc (size before relaxing)
 .debug_str     0x0000037f      0x15b Lcd.o
                                0x212 (size before relaxing)
 .debug_str     0x000004da       0x37 key.o
                                 0xe8 (size before relaxing)
 .debug_str     0x00000511        0xf rtc.o
                                 0x33 (size before relaxing)
 .debug_str     0x00000520       0x33 Touch.o
                                 0x6d (size before relaxing)
 .debug_str     0x00000553       0x2f lcd_init.o
                                 0x53 (size before relaxing)

.debug_frame    0x00000000      0xe34
 .debug_frame   0x00000000       0xb0 libc.o
 .debug_frame   0x000000b0       0x70 Main.o
 .debug_frame   0x00000120       0xbc Uart.o
 .debug_frame   0x000001dc       0xc4 timer.o
 .debug_frame   0x000002a0       0xb0 exception.o
 .debug_frame   0x00000350      0x190 Lcd.o
 .debug_frame   0x000004e0       0x58 key.o
 .debug_frame   0x00000538       0x30 rtc.o
 .debug_frame   0x00000568       0x54 Touch.o
 .debug_frame   0x000005bc       0x70 lcd_init.o
 .debug_frame   0x0000062c       0x38 /root/arm-2011.03//arm-none-eabi/lib/libc.a(lib_a-rand.o)
 .debug_frame   0x00000664       0x44 /root/arm-2011.03//arm-none-eabi/lib/libc.a(lib_a-vsprintf.o)
 .debug_frame   0x000006a8       0x3c /root/arm-2011.03//arm-none-eabi/lib/libc.a(lib_a-svfprintf.o)
 .debug_frame   0x000006e4       0x64 /root/arm-2011.03//arm-none-eabi/lib/libc.a(lib_a-dtoa.o)
 .debug_frame   0x00000748       0x98 /root/arm-2011.03//arm-none-eabi/lib/libc.a(lib_a-locale.o)
 .debug_frame   0x000007e0       0x3c /root/arm-2011.03//arm-none-eabi/lib/libc.a(lib_a-mallocr.o)
 .debug_frame   0x0000081c       0x2c /root/arm-2011.03//arm-none-eabi/lib/libc.a(lib_a-memchr.o)
 .debug_frame   0x00000848       0x30 /root/arm-2011.03//arm-none-eabi/lib/libc.a(lib_a-memcpy.o)
 .debug_frame   0x00000878       0x30 /root/arm-2011.03//arm-none-eabi/lib/libc.a(lib_a-mlock.o)
 .debug_frame   0x000008a8      0x228 /root/arm-2011.03//arm-none-eabi/lib/libc.a(lib_a-mprec.o)
 .debug_frame   0x00000ad0       0x28 /root/arm-2011.03//arm-none-eabi/lib/libc.a(lib_a-s_fpclassify.o)
 .debug_frame   0x00000af8       0x2c /root/arm-2011.03//arm-none-eabi/lib/libc.a(lib_a-sbrkr.o)
 .debug_frame   0x00000b24       0x30 /root/arm-2011.03//arm-none-eabi/lib/libc.a(lib_a-strcmp.o)
 .debug_frame   0x00000b54       0x20 /root/arm-2011.03//arm-none-eabi/lib/libc.a(lib_a-strlen.o)
 .debug_frame   0x00000b74       0x68 /root/arm-2011.03//arm-none-eabi/lib/libc.a(lib_a-svfiprintf.o)
 .debug_frame   0x00000bdc       0x28 /root/arm-2011.03//arm-none-eabi/lib/libc.a(lib_a-callocr.o)
 .debug_frame   0x00000c04       0x50 /root/arm-2011.03//arm-none-eabi/lib/libc.a(lib_a-freer.o)
 .debug_frame   0x00000c54       0x2c /root/arm-2011.03//arm-none-eabi/lib/libc.a(lib_a-memmove.o)
 .debug_frame   0x00000c80       0x28 /root/arm-2011.03//arm-none-eabi/lib/libc.a(lib_a-memset.o)
 .debug_frame   0x00000ca8       0x3c /root/arm-2011.03//arm-none-eabi/lib/libc.a(lib_a-reallocr.o)
 .debug_frame   0x00000ce4       0x68 /root/arm-2011.03//arm-none-eabi/lib/libc.a(lib_a-reent.o)
 .debug_frame   0x00000d4c       0x20 /root/arm-2011.03//lib/gcc/arm-none-eabi/4.5.2/libgcc.a(_udivsi3.o)
 .debug_frame   0x00000d6c       0x50 /root/arm-2011.03//lib/gcc/arm-none-eabi/4.5.2/libgcc.a(bpabi.o)
 .debug_frame   0x00000dbc       0x3c /root/arm-2011.03//lib/gcc/arm-none-eabi/4.5.2/libgcc.a(_divdi3.o)
 .debug_frame   0x00000df8       0x3c /root/arm-2011.03//lib/gcc/arm-none-eabi/4.5.2/libgcc.a(_udivdi3.o)

Cross Reference Table

Symbol                                            File
ADC_x                                             Touch.o
ADC_y                                             Touch.o
CLR_IF                                            libs.o
ChangeRomCacheStatus                              libc.o
Dabort_Handler                                    exception.o
EINT8_23_handler                                  key.o
Exception_Init                                    exception.o
                                                  s3c2450_startup.o
Fb_ptr                                            Main.o
                                                  Lcd.o
                                                  timer.o
Graphic_Init                                      lcd_init.o
                                                  Main.o
Handle2D                                          s3c2450_startup.o
HandleADC                                         s3c2450_startup.o
                                                  Touch.o
HandleBATFLT                                      s3c2450_startup.o
HandleCAM                                         s3c2450_startup.o
HandleCFCON                                       s3c2450_startup.o
HandleDMA                                         s3c2450_startup.o
HandleDabort                                      s3c2450_startup.o
                                                  exception.o
HandleEINT0                                       s3c2450_startup.o
HandleEINT1                                       s3c2450_startup.o
HandleEINT2                                       s3c2450_startup.o
HandleEINT3                                       s3c2450_startup.o
HandleEINT4_7                                     s3c2450_startup.o
HandleEINT8_23                                    s3c2450_startup.o
                                                  key.o
HandleFIQ                                         s3c2450_startup.o
HandleI2S0                                        s3c2450_startup.o
HandleI2S1                                        s3c2450_startup.o
HandleIIC                                         s3c2450_startup.o
HandleIIC1                                        s3c2450_startup.o
HandleIRQ                                         s3c2450_startup.o
HandleLCD                                         s3c2450_startup.o
HandleNFCON                                       s3c2450_startup.o
HandlePCM0                                        s3c2450_startup.o
HandlePCM1                                        s3c2450_startup.o
HandlePabort                                      s3c2450_startup.o
                                                  exception.o
HandleRSV1                                        s3c2450_startup.o
HandleRSV2                                        s3c2450_startup.o
HandleRTC                                         s3c2450_startup.o
HandleReserved                                    s3c2450_startup.o
HandleReset                                       s3c2450_startup.o
HandleSDI0                                        s3c2450_startup.o
HandleSDI1                                        s3c2450_startup.o
HandleSPI0                                        s3c2450_startup.o
HandleSPI1                                        s3c2450_startup.o
HandleSWI                                         s3c2450_startup.o
                                                  exception.o
HandleTICK                                        s3c2450_startup.o
HandleTIMER0                                      s3c2450_startup.o
HandleTIMER1                                      s3c2450_startup.o
                                                  timer.o
HandleTIMER2                                      s3c2450_startup.o
                                                  timer.o
HandleTIMER3                                      s3c2450_startup.o
HandleTIMER4                                      s3c2450_startup.o
HandleUART0                                       s3c2450_startup.o
HandleUART1                                       s3c2450_startup.o
HandleUART2                                       s3c2450_startup.o
HandleUART3                                       s3c2450_startup.o
HandleUSBD                                        s3c2450_startup.o
HandleUSBH                                        s3c2450_startup.o
HandleUndef                                       s3c2450_startup.o
                                                  exception.o
HandleWDT                                         s3c2450_startup.o
IsrIRQ                                            s3c2450_startup.o
Lcd_Copy                                          Lcd.o
                                                  key.o
                                                  Main.o
Lcd_Display_Frame_Buffer                          Lcd.o
                                                  Main.o
Lcd_Draw_BMP                                      Lcd.o
                                                  key.o
                                                  Main.o
Lcd_Init                                          lcd_init.o
Lcd_Make_cookie_Buffer                            Lcd.o
                                                  Main.o
Lcd_Make_fullscreen_Buffer                        Lcd.o
                                                  Main.o
Lcd_Make_slide_Buffer                             Lcd.o
                                                  Main.o
Lcd_Port_Init                                     lcd_init.o
Lcd_Printf                                        Lcd.o
                                                  key.o
                                                  timer.o
                                                  Main.o
Lcd_Puts                                          Lcd.o
Lcd_Puts_big                                      Lcd.o
                                                  Main.o
Lcd_Select_Frame_Buffer                           Lcd.o
                                                  key.o
                                                  Main.o
Lcd_Set_Address                                   Lcd.o
MMU_CleanDCacheIndex                              libs.o
MMU_CleanDCacheMVA                                libs.o
MMU_CleanInvalidateDCacheIndex                    libs.o
                                                  libc.o
MMU_CleanInvalidateDCacheMVA                      libs.o
MMU_DisableAlignFault                             libs.o
MMU_DisableDCache                                 libs.o
                                                  libc.o
MMU_DisableICache                                 libs.o
                                                  libc.o
MMU_DisableMMU                                    libs.o
                                                  libc.o
MMU_EnableAlignFault                              libs.o
                                                  libc.o
MMU_EnableDCache                                  libs.o
                                                  libc.o
MMU_EnableICache                                  libs.o
                                                  libc.o
MMU_EnableMMU                                     libs.o
                                                  libc.o
MMU_Init                                          libc.o
                                                  Main.o
MMU_InvalidateDCache                              libs.o
MMU_InvalidateDCacheMVA                           libs.o
MMU_InvalidateDTLB                                libs.o
MMU_InvalidateDTLBMVA                             libs.o
MMU_InvalidateICache                              libs.o
                                                  libc.o
MMU_InvalidateICacheMVA                           libs.o
MMU_InvalidateIDCache                             libs.o
MMU_InvalidateITLB                                libs.o
MMU_InvalidateITLBMVA                             libs.o
MMU_InvalidateTLB                                 libs.o
                                                  libc.o
MMU_PrefetchICacheMVA                             libs.o
MMU_SetAsyncBusMode                               libs.o
MMU_SetDCacheLockdownBase                         libs.o
MMU_SetDTLBLockdown                               libs.o
MMU_SetDomain                                     libs.o
                                                  libc.o
MMU_SetFastBusMode                                libs.o
MMU_SetICacheLockdownBase                         libs.o
MMU_SetITLBLockdown                               libs.o
MMU_SetMTT                                        libc.o
MMU_SetProcessId                                  libs.o
                                                  libc.o
MMU_SetTTBase                                     libs.o
                                                  libc.o
MMU_WaitForInterrupt                              libs.o
Main                                              Main.o
                                                  s3c2450_startup.o
Pabort_Handler                                    exception.o
Print_cookie                                      Lcd.o
ResetHandler                                      s3c2450_startup.o
Rtc_Init                                          rtc.o
                                                  key.o
SET_IF                                            libs.o
SWITCH_Port_Init                                  key.o
                                                  Main.o
SWI_Handler                                       exception.o
Timer1_start                                      timer.o
                                                  key.o
Timer2_start                                      timer.o
                                                  key.o
Timer_Init                                        timer.o
                                                  Main.o
Touch_ISR                                         Touch.o
Touch_Init                                        Touch.o
                                                  Main.o
Uart_Get_Char                                     Uart.o
Uart_Init                                         Uart.o
                                                  Main.o
Uart_Printf                                       Uart.o
                                                  exception.o
                                                  timer.o
Uart_Send_Byte                                    Uart.o
Uart_Send_String                                  Uart.o
Undef_Handler                                     exception.o
WR_IF                                             libs.o
_Balloc                                           /root/arm-2011.03//arm-none-eabi/lib/libc.a(lib_a-mprec.o)
                                                  /root/arm-2011.03//arm-none-eabi/lib/libc.a(lib_a-dtoa.o)
_Bfree                                            /root/arm-2011.03//arm-none-eabi/lib/libc.a(lib_a-mprec.o)
                                                  /root/arm-2011.03//arm-none-eabi/lib/libc.a(lib_a-dtoa.o)
_PathLocale                                       /root/arm-2011.03//arm-none-eabi/lib/libc.a(lib_a-locale.o)
__adddf3                                          /root/arm-2011.03//lib/gcc/arm-none-eabi/4.5.2/libgcc.a(_arm_addsubdf3.o)
__aeabi_cdcmpeq                                   /root/arm-2011.03//lib/gcc/arm-none-eabi/4.5.2/libgcc.a(_arm_cmpdf2.o)
__aeabi_cdcmple                                   /root/arm-2011.03//lib/gcc/arm-none-eabi/4.5.2/libgcc.a(_arm_cmpdf2.o)
__aeabi_cdrcmple                                  /root/arm-2011.03//lib/gcc/arm-none-eabi/4.5.2/libgcc.a(_arm_cmpdf2.o)
__aeabi_d2iz                                      /root/arm-2011.03//lib/gcc/arm-none-eabi/4.5.2/libgcc.a(_arm_fixdfsi.o)
                                                  /root/arm-2011.03//arm-none-eabi/lib/libc.a(lib_a-dtoa.o)
__aeabi_d2uiz                                     /root/arm-2011.03//lib/gcc/arm-none-eabi/4.5.2/libgcc.a(_arm_fixunsdfsi.o)
                                                  timer.o
                                                  Uart.o
__aeabi_dadd                                      /root/arm-2011.03//lib/gcc/arm-none-eabi/4.5.2/libgcc.a(_arm_addsubdf3.o)
                                                  /root/arm-2011.03//arm-none-eabi/lib/libc.a(lib_a-dtoa.o)
                                                  Uart.o
__aeabi_dcmpeq                                    /root/arm-2011.03//lib/gcc/arm-none-eabi/4.5.2/libgcc.a(_arm_cmpdf2.o)
                                                  /root/arm-2011.03//arm-none-eabi/lib/libc.a(lib_a-dtoa.o)
                                                  /root/arm-2011.03//arm-none-eabi/lib/libc.a(lib_a-svfprintf.o)
__aeabi_dcmpge                                    /root/arm-2011.03//lib/gcc/arm-none-eabi/4.5.2/libgcc.a(_arm_cmpdf2.o)
                                                  /root/arm-2011.03//arm-none-eabi/lib/libc.a(lib_a-dtoa.o)
__aeabi_dcmpgt                                    /root/arm-2011.03//lib/gcc/arm-none-eabi/4.5.2/libgcc.a(_arm_cmpdf2.o)
                                                  /root/arm-2011.03//arm-none-eabi/lib/libc.a(lib_a-dtoa.o)
__aeabi_dcmple                                    /root/arm-2011.03//lib/gcc/arm-none-eabi/4.5.2/libgcc.a(_arm_cmpdf2.o)
__aeabi_dcmplt                                    /root/arm-2011.03//lib/gcc/arm-none-eabi/4.5.2/libgcc.a(_arm_cmpdf2.o)
                                                  /root/arm-2011.03//arm-none-eabi/lib/libc.a(lib_a-dtoa.o)
                                                  /root/arm-2011.03//arm-none-eabi/lib/libc.a(lib_a-svfprintf.o)
__aeabi_ddiv                                      /root/arm-2011.03//lib/gcc/arm-none-eabi/4.5.2/libgcc.a(_arm_muldivdf3.o)
                                                  /root/arm-2011.03//arm-none-eabi/lib/libc.a(lib_a-mprec.o)
                                                  /root/arm-2011.03//arm-none-eabi/lib/libc.a(lib_a-dtoa.o)
                                                  Uart.o
__aeabi_dmul                                      /root/arm-2011.03//lib/gcc/arm-none-eabi/4.5.2/libgcc.a(_arm_muldivdf3.o)
                                                  /root/arm-2011.03//arm-none-eabi/lib/libc.a(lib_a-mprec.o)
                                                  /root/arm-2011.03//arm-none-eabi/lib/libc.a(lib_a-dtoa.o)
                                                  timer.o
__aeabi_drsub                                     /root/arm-2011.03//lib/gcc/arm-none-eabi/4.5.2/libgcc.a(_arm_addsubdf3.o)
__aeabi_dsub                                      /root/arm-2011.03//lib/gcc/arm-none-eabi/4.5.2/libgcc.a(_arm_addsubdf3.o)
                                                  /root/arm-2011.03//arm-none-eabi/lib/libc.a(lib_a-dtoa.o)
__aeabi_f2d                                       /root/arm-2011.03//lib/gcc/arm-none-eabi/4.5.2/libgcc.a(_arm_addsubdf3.o)
__aeabi_i2d                                       /root/arm-2011.03//lib/gcc/arm-none-eabi/4.5.2/libgcc.a(_arm_addsubdf3.o)
                                                  /root/arm-2011.03//arm-none-eabi/lib/libc.a(lib_a-dtoa.o)
                                                  timer.o
                                                  Uart.o
__aeabi_idiv0                                     /root/arm-2011.03//lib/gcc/arm-none-eabi/4.5.2/libgcc.a(_dvmd_tls.o)
                                                  /root/arm-2011.03//lib/gcc/arm-none-eabi/4.5.2/libgcc.a(_udivsi3.o)
__aeabi_l2d                                       /root/arm-2011.03//lib/gcc/arm-none-eabi/4.5.2/libgcc.a(_arm_addsubdf3.o)
__aeabi_ldiv0                                     /root/arm-2011.03//lib/gcc/arm-none-eabi/4.5.2/libgcc.a(_dvmd_tls.o)
                                                  /root/arm-2011.03//lib/gcc/arm-none-eabi/4.5.2/libgcc.a(_aeabi_uldivmod.o)
__aeabi_ui2d                                      /root/arm-2011.03//lib/gcc/arm-none-eabi/4.5.2/libgcc.a(_arm_addsubdf3.o)
                                                  /root/arm-2011.03//arm-none-eabi/lib/libc.a(lib_a-dtoa.o)
__aeabi_uidiv                                     /root/arm-2011.03//lib/gcc/arm-none-eabi/4.5.2/libgcc.a(_udivsi3.o)
                                                  /root/arm-2011.03//lib/gcc/arm-none-eabi/4.5.2/libgcc.a(_udivdi3.o)
                                                  /root/arm-2011.03//lib/gcc/arm-none-eabi/4.5.2/libgcc.a(_divdi3.o)
                                                  /root/arm-2011.03//arm-none-eabi/lib/libc.a(lib_a-dtoa.o)
                                                  Lcd.o
__aeabi_uidivmod                                  /root/arm-2011.03//lib/gcc/arm-none-eabi/4.5.2/libgcc.a(_udivsi3.o)
                                                  /root/arm-2011.03//lib/gcc/arm-none-eabi/4.5.2/libgcc.a(_udivdi3.o)
                                                  /root/arm-2011.03//lib/gcc/arm-none-eabi/4.5.2/libgcc.a(_divdi3.o)
__aeabi_ul2d                                      /root/arm-2011.03//lib/gcc/arm-none-eabi/4.5.2/libgcc.a(_arm_addsubdf3.o)
__aeabi_uldivmod                                  /root/arm-2011.03//lib/gcc/arm-none-eabi/4.5.2/libgcc.a(_aeabi_uldivmod.o)
                                                  /root/arm-2011.03//arm-none-eabi/lib/libc.a(lib_a-svfiprintf.o)
                                                  /root/arm-2011.03//arm-none-eabi/lib/libc.a(lib_a-svfprintf.o)
__any_on                                          /root/arm-2011.03//arm-none-eabi/lib/libc.a(lib_a-mprec.o)
__b2d                                             /root/arm-2011.03//arm-none-eabi/lib/libc.a(lib_a-mprec.o)
__clzsi2                                          /root/arm-2011.03//lib/gcc/arm-none-eabi/4.5.2/libgcc.a(_clzsi2.o)
                                                  /root/arm-2011.03//lib/gcc/arm-none-eabi/4.5.2/libgcc.a(_udivdi3.o)
                                                  /root/arm-2011.03//lib/gcc/arm-none-eabi/4.5.2/libgcc.a(_divdi3.o)
__cmpdf2                                          /root/arm-2011.03//lib/gcc/arm-none-eabi/4.5.2/libgcc.a(_arm_cmpdf2.o)
__copybits                                        /root/arm-2011.03//arm-none-eabi/lib/libc.a(lib_a-mprec.o)
__d2b                                             /root/arm-2011.03//arm-none-eabi/lib/libc.a(lib_a-mprec.o)
                                                  /root/arm-2011.03//arm-none-eabi/lib/libc.a(lib_a-dtoa.o)
__divdf3                                          /root/arm-2011.03//lib/gcc/arm-none-eabi/4.5.2/libgcc.a(_arm_muldivdf3.o)
__divdi3                                          /root/arm-2011.03//lib/gcc/arm-none-eabi/4.5.2/libgcc.a(_divdi3.o)
                                                  /root/arm-2011.03//lib/gcc/arm-none-eabi/4.5.2/libgcc.a(bpabi.o)
__eqdf2                                           /root/arm-2011.03//lib/gcc/arm-none-eabi/4.5.2/libgcc.a(_arm_cmpdf2.o)
__extendsfdf2                                     /root/arm-2011.03//lib/gcc/arm-none-eabi/4.5.2/libgcc.a(_arm_addsubdf3.o)
__fixdfsi                                         /root/arm-2011.03//lib/gcc/arm-none-eabi/4.5.2/libgcc.a(_arm_fixdfsi.o)
__fixunsdfsi                                      /root/arm-2011.03//lib/gcc/arm-none-eabi/4.5.2/libgcc.a(_arm_fixunsdfsi.o)
__floatdidf                                       /root/arm-2011.03//lib/gcc/arm-none-eabi/4.5.2/libgcc.a(_arm_addsubdf3.o)
__floatsidf                                       /root/arm-2011.03//lib/gcc/arm-none-eabi/4.5.2/libgcc.a(_arm_addsubdf3.o)
__floatundidf                                     /root/arm-2011.03//lib/gcc/arm-none-eabi/4.5.2/libgcc.a(_arm_addsubdf3.o)
__floatunsidf                                     /root/arm-2011.03//lib/gcc/arm-none-eabi/4.5.2/libgcc.a(_arm_addsubdf3.o)
__fpclassifyd                                     /root/arm-2011.03//arm-none-eabi/lib/libc.a(lib_a-s_fpclassify.o)
                                                  /root/arm-2011.03//arm-none-eabi/lib/libc.a(lib_a-svfprintf.o)
__gedf2                                           /root/arm-2011.03//lib/gcc/arm-none-eabi/4.5.2/libgcc.a(_arm_cmpdf2.o)
__gnu_ldivmod_helper                              /root/arm-2011.03//lib/gcc/arm-none-eabi/4.5.2/libgcc.a(bpabi.o)
__gnu_uldivmod_helper                             /root/arm-2011.03//lib/gcc/arm-none-eabi/4.5.2/libgcc.a(bpabi.o)
                                                  /root/arm-2011.03//lib/gcc/arm-none-eabi/4.5.2/libgcc.a(_aeabi_uldivmod.o)
__gtdf2                                           /root/arm-2011.03//lib/gcc/arm-none-eabi/4.5.2/libgcc.a(_arm_cmpdf2.o)
__hi0bits                                         /root/arm-2011.03//arm-none-eabi/lib/libc.a(lib_a-mprec.o)
                                                  /root/arm-2011.03//arm-none-eabi/lib/libc.a(lib_a-dtoa.o)
__i2b                                             /root/arm-2011.03//arm-none-eabi/lib/libc.a(lib_a-mprec.o)
                                                  /root/arm-2011.03//arm-none-eabi/lib/libc.a(lib_a-dtoa.o)
__ledf2                                           /root/arm-2011.03//lib/gcc/arm-none-eabi/4.5.2/libgcc.a(_arm_cmpdf2.o)
__lo0bits                                         /root/arm-2011.03//arm-none-eabi/lib/libc.a(lib_a-mprec.o)
__locale_charset                                  /root/arm-2011.03//arm-none-eabi/lib/libc.a(lib_a-locale.o)
__locale_cjk_lang                                 /root/arm-2011.03//arm-none-eabi/lib/libc.a(lib_a-locale.o)
__locale_mb_cur_max                               /root/arm-2011.03//arm-none-eabi/lib/libc.a(lib_a-locale.o)
__locale_msgcharset                               /root/arm-2011.03//arm-none-eabi/lib/libc.a(lib_a-locale.o)
__lshift                                          /root/arm-2011.03//arm-none-eabi/lib/libc.a(lib_a-mprec.o)
                                                  /root/arm-2011.03//arm-none-eabi/lib/libc.a(lib_a-dtoa.o)
__ltdf2                                           /root/arm-2011.03//lib/gcc/arm-none-eabi/4.5.2/libgcc.a(_arm_cmpdf2.o)
__malloc_av_                                      /root/arm-2011.03//arm-none-eabi/lib/libc.a(lib_a-mallocr.o)
                                                  /root/arm-2011.03//arm-none-eabi/lib/libc.a(lib_a-reallocr.o)
                                                  /root/arm-2011.03//arm-none-eabi/lib/libc.a(lib_a-freer.o)
__malloc_current_mallinfo                         /root/arm-2011.03//arm-none-eabi/lib/libc.a(lib_a-mallocr.o)
                                                  /root/arm-2011.03//arm-none-eabi/lib/libc.a(lib_a-freer.o)
__malloc_lock                                     /root/arm-2011.03//arm-none-eabi/lib/libc.a(lib_a-mlock.o)
                                                  /root/arm-2011.03//arm-none-eabi/lib/libc.a(lib_a-reallocr.o)
                                                  /root/arm-2011.03//arm-none-eabi/lib/libc.a(lib_a-freer.o)
                                                  /root/arm-2011.03//arm-none-eabi/lib/libc.a(lib_a-mallocr.o)
__malloc_max_sbrked_mem                           /root/arm-2011.03//arm-none-eabi/lib/libc.a(lib_a-mallocr.o)
__malloc_max_total_mem                            /root/arm-2011.03//arm-none-eabi/lib/libc.a(lib_a-mallocr.o)
__malloc_sbrk_base                                /root/arm-2011.03//arm-none-eabi/lib/libc.a(lib_a-mallocr.o)
                                                  /root/arm-2011.03//arm-none-eabi/lib/libc.a(lib_a-freer.o)
__malloc_top_pad                                  /root/arm-2011.03//arm-none-eabi/lib/libc.a(lib_a-mallocr.o)
                                                  /root/arm-2011.03//arm-none-eabi/lib/libc.a(lib_a-freer.o)
__malloc_trim_threshold                           /root/arm-2011.03//arm-none-eabi/lib/libc.a(lib_a-mallocr.o)
                                                  /root/arm-2011.03//arm-none-eabi/lib/libc.a(lib_a-freer.o)
__malloc_unlock                                   /root/arm-2011.03//arm-none-eabi/lib/libc.a(lib_a-mlock.o)
                                                  /root/arm-2011.03//arm-none-eabi/lib/libc.a(lib_a-reallocr.o)
                                                  /root/arm-2011.03//arm-none-eabi/lib/libc.a(lib_a-freer.o)
                                                  /root/arm-2011.03//arm-none-eabi/lib/libc.a(lib_a-mallocr.o)
__mb_cur_max                                      /root/arm-2011.03//arm-none-eabi/lib/libc.a(lib_a-locale.o)
__mcmp                                            /root/arm-2011.03//arm-none-eabi/lib/libc.a(lib_a-mprec.o)
                                                  /root/arm-2011.03//arm-none-eabi/lib/libc.a(lib_a-dtoa.o)
__mdiff                                           /root/arm-2011.03//arm-none-eabi/lib/libc.a(lib_a-mprec.o)
                                                  /root/arm-2011.03//arm-none-eabi/lib/libc.a(lib_a-dtoa.o)
__mlocale_changed                                 /root/arm-2011.03//arm-none-eabi/lib/libc.a(lib_a-locale.o)
__mprec_bigtens                                   /root/arm-2011.03//arm-none-eabi/lib/libc.a(lib_a-mprec.o)
                                                  /root/arm-2011.03//arm-none-eabi/lib/libc.a(lib_a-dtoa.o)
__mprec_tens                                      /root/arm-2011.03//arm-none-eabi/lib/libc.a(lib_a-mprec.o)
                                                  /root/arm-2011.03//arm-none-eabi/lib/libc.a(lib_a-dtoa.o)
__mprec_tinytens                                  /root/arm-2011.03//arm-none-eabi/lib/libc.a(lib_a-mprec.o)
__muldf3                                          /root/arm-2011.03//lib/gcc/arm-none-eabi/4.5.2/libgcc.a(_arm_muldivdf3.o)
__multadd                                         /root/arm-2011.03//arm-none-eabi/lib/libc.a(lib_a-mprec.o)
                                                  /root/arm-2011.03//arm-none-eabi/lib/libc.a(lib_a-dtoa.o)
__multiply                                        /root/arm-2011.03//arm-none-eabi/lib/libc.a(lib_a-mprec.o)
                                                  /root/arm-2011.03//arm-none-eabi/lib/libc.a(lib_a-dtoa.o)
__nedf2                                           /root/arm-2011.03//lib/gcc/arm-none-eabi/4.5.2/libgcc.a(_arm_cmpdf2.o)
__nlocale_changed                                 /root/arm-2011.03//arm-none-eabi/lib/libc.a(lib_a-locale.o)
__pow5mult                                        /root/arm-2011.03//arm-none-eabi/lib/libc.a(lib_a-mprec.o)
                                                  /root/arm-2011.03//arm-none-eabi/lib/libc.a(lib_a-dtoa.o)
__ratio                                           /root/arm-2011.03//arm-none-eabi/lib/libc.a(lib_a-mprec.o)
__s2b                                             /root/arm-2011.03//arm-none-eabi/lib/libc.a(lib_a-mprec.o)
__ssprint_r                                       /root/arm-2011.03//arm-none-eabi/lib/libc.a(lib_a-svfiprintf.o)
                                                  /root/arm-2011.03//arm-none-eabi/lib/libc.a(lib_a-svfprintf.o)
__subdf3                                          /root/arm-2011.03//lib/gcc/arm-none-eabi/4.5.2/libgcc.a(_arm_addsubdf3.o)
__udivdi3                                         /root/arm-2011.03//lib/gcc/arm-none-eabi/4.5.2/libgcc.a(_udivdi3.o)
                                                  /root/arm-2011.03//lib/gcc/arm-none-eabi/4.5.2/libgcc.a(bpabi.o)
__udivsi3                                         /root/arm-2011.03//lib/gcc/arm-none-eabi/4.5.2/libgcc.a(_udivsi3.o)
__ulp                                             /root/arm-2011.03//arm-none-eabi/lib/libc.a(lib_a-mprec.o)
_calloc_r                                         /root/arm-2011.03//arm-none-eabi/lib/libc.a(lib_a-callocr.o)
                                                  /root/arm-2011.03//arm-none-eabi/lib/libc.a(lib_a-mprec.o)
_dtoa_r                                           /root/arm-2011.03//arm-none-eabi/lib/libc.a(lib_a-dtoa.o)
                                                  /root/arm-2011.03//arm-none-eabi/lib/libc.a(lib_a-svfprintf.o)
_free_r                                           /root/arm-2011.03//arm-none-eabi/lib/libc.a(lib_a-freer.o)
                                                  /root/arm-2011.03//arm-none-eabi/lib/libc.a(lib_a-reent.o)
                                                  /root/arm-2011.03//arm-none-eabi/lib/libc.a(lib_a-reallocr.o)
                                                  /root/arm-2011.03//arm-none-eabi/lib/libc.a(lib_a-svfiprintf.o)
                                                  /root/arm-2011.03//arm-none-eabi/lib/libc.a(lib_a-mallocr.o)
_global_impure_ptr                                /root/arm-2011.03//arm-none-eabi/lib/libc.a(lib_a-impure.o)
_impure_ptr                                       /root/arm-2011.03//arm-none-eabi/lib/libc.a(lib_a-impure.o)
                                                  /root/arm-2011.03//arm-none-eabi/lib/libc.a(lib_a-reent.o)
                                                  /root/arm-2011.03//arm-none-eabi/lib/libc.a(lib_a-locale.o)
                                                  /root/arm-2011.03//arm-none-eabi/lib/libc.a(lib_a-vsprintf.o)
                                                  /root/arm-2011.03//arm-none-eabi/lib/libc.a(lib_a-rand.o)
_localeconv_r                                     /root/arm-2011.03//arm-none-eabi/lib/libc.a(lib_a-locale.o)
                                                  /root/arm-2011.03//arm-none-eabi/lib/libc.a(lib_a-svfprintf.o)
_malloc_r                                         /root/arm-2011.03//arm-none-eabi/lib/libc.a(lib_a-mallocr.o)
                                                  /root/arm-2011.03//arm-none-eabi/lib/libc.a(lib_a-reallocr.o)
                                                  /root/arm-2011.03//arm-none-eabi/lib/libc.a(lib_a-callocr.o)
                                                  /root/arm-2011.03//arm-none-eabi/lib/libc.a(lib_a-svfiprintf.o)
                                                  /root/arm-2011.03//arm-none-eabi/lib/libc.a(lib_a-svfprintf.o)
_malloc_trim_r                                    /root/arm-2011.03//arm-none-eabi/lib/libc.a(lib_a-freer.o)
_mprec_log10                                      /root/arm-2011.03//arm-none-eabi/lib/libc.a(lib_a-mprec.o)
_realloc_r                                        /root/arm-2011.03//arm-none-eabi/lib/libc.a(lib_a-reallocr.o)
                                                  /root/arm-2011.03//arm-none-eabi/lib/libc.a(lib_a-svfiprintf.o)
_reclaim_reent                                    /root/arm-2011.03//arm-none-eabi/lib/libc.a(lib_a-reent.o)
_sbrk                                             s3c2450_startup.o
                                                  /root/arm-2011.03//arm-none-eabi/lib/libc.a(lib_a-sbrkr.o)
_sbrk_r                                           /root/arm-2011.03//arm-none-eabi/lib/libc.a(lib_a-sbrkr.o)
                                                  /root/arm-2011.03//arm-none-eabi/lib/libc.a(lib_a-freer.o)
                                                  /root/arm-2011.03//arm-none-eabi/lib/libc.a(lib_a-mallocr.o)
_setlocale_r                                      /root/arm-2011.03//arm-none-eabi/lib/libc.a(lib_a-locale.o)
_start                                            s3c2450_startup.o
_svfiprintf_r                                     /root/arm-2011.03//arm-none-eabi/lib/libc.a(lib_a-svfiprintf.o)
_svfprintf_r                                      /root/arm-2011.03//arm-none-eabi/lib/libc.a(lib_a-svfprintf.o)
                                                  /root/arm-2011.03//arm-none-eabi/lib/libc.a(lib_a-vsprintf.o)
_vsprintf_r                                       /root/arm-2011.03//arm-none-eabi/lib/libc.a(lib_a-vsprintf.o)
_wrapup_reent                                     /root/arm-2011.03//arm-none-eabi/lib/libc.a(lib_a-reent.o)
bg2                                               Main.o
bss_end_addr                                      s3c2450_startup.o
bss_start_addr                                    s3c2450_startup.o
cleanup_glue                                      /root/arm-2011.03//arm-none-eabi/lib/libc.a(lib_a-reent.o)
cookie_buffer                                     Lcd.o
data_end_addr                                     s3c2450_startup.o
data_start_addr                                   s3c2450_startup.o
eng8x16                                           Lcd.o
errno                                             /root/arm-2011.03//arm-none-eabi/lib/libc.a(lib_a-reent.o)
                                                  /root/arm-2011.03//arm-none-eabi/lib/libc.a(lib_a-sbrkr.o)
free                                              libc.o
fullscreen_buffer                                 Lcd.o
                                                  key.o
                                                  timer.o
                                                  Main.o
game_over                                         Main.o
                                                  timer.o
hit_check1                                        Main.o
                                                  key.o
                                                  timer.o
hit_check2                                        Main.o
                                                  key.o
                                                  timer.o
hit_check3                                        Main.o
iis_init                                          Main.o
level                                             Main.o
                                                  key.o
                                                  timer.o
localeconv                                        /root/arm-2011.03//arm-none-eabi/lib/libc.a(lib_a-locale.o)
malloc                                            libc.o
mallocPt                                          libc.o
memchr                                            /root/arm-2011.03//arm-none-eabi/lib/libc.a(lib_a-memchr.o)
                                                  /root/arm-2011.03//arm-none-eabi/lib/libc.a(lib_a-svfiprintf.o)
                                                  /root/arm-2011.03//arm-none-eabi/lib/libc.a(lib_a-svfprintf.o)
memcpy                                            /root/arm-2011.03//arm-none-eabi/lib/libc.a(lib_a-memcpy.o)
                                                  /root/arm-2011.03//arm-none-eabi/lib/libc.a(lib_a-svfiprintf.o)
                                                  /root/arm-2011.03//arm-none-eabi/lib/libc.a(lib_a-mprec.o)
                                                  /root/arm-2011.03//arm-none-eabi/lib/libc.a(lib_a-dtoa.o)
memmove                                           /root/arm-2011.03//arm-none-eabi/lib/libc.a(lib_a-memmove.o)
                                                  /root/arm-2011.03//arm-none-eabi/lib/libc.a(lib_a-reallocr.o)
                                                  /root/arm-2011.03//arm-none-eabi/lib/libc.a(lib_a-svfiprintf.o)
memset                                            /root/arm-2011.03//arm-none-eabi/lib/libc.a(lib_a-memset.o)
                                                  /root/arm-2011.03//arm-none-eabi/lib/libc.a(lib_a-callocr.o)
num_life                                          Main.o
position                                          Main.o
                                                  Touch.o
                                                  key.o
                                                  timer.o
press_jump                                        Main.o
press_slide                                       Main.o
ptr                                               Main.o
                                                  timer.o
rand                                              /root/arm-2011.03//arm-none-eabi/lib/libc.a(lib_a-rand.o)
                                                  key.o
                                                  timer.o
random1                                           Main.o
                                                  key.o
                                                  timer.o
random2                                           Main.o
                                                  key.o
                                                  timer.o
random3                                           Main.o
rodata_end_addr                                   s3c2450_startup.o
run                                               Main.o
save_B                                            Main.o
save_E                                            Main.o
save_PB                                           Main.o
save_PE                                           Main.o
score                                             Main.o
                                                  key.o
                                                  timer.o
setlocale                                         /root/arm-2011.03//arm-none-eabi/lib/libc.a(lib_a-locale.o)
slide                                             Main.o
slide_buffer                                      Lcd.o
srand                                             /root/arm-2011.03//arm-none-eabi/lib/libc.a(lib_a-rand.o)
start                                             Main.o
start_x1                                          Main.o
                                                  key.o
                                                  timer.o
start_x2                                          Main.o
                                                  key.o
                                                  timer.o
start_x3                                          Main.o
strcmp                                            /root/arm-2011.03//arm-none-eabi/lib/libc.a(lib_a-strcmp.o)
                                                  /root/arm-2011.03//arm-none-eabi/lib/libc.a(lib_a-locale.o)
strlen                                            /root/arm-2011.03//arm-none-eabi/lib/libc.a(lib_a-strlen.o)
                                                  /root/arm-2011.03//arm-none-eabi/lib/libc.a(lib_a-svfiprintf.o)
                                                  /root/arm-2011.03//arm-none-eabi/lib/libc.a(lib_a-svfprintf.o)
temp_start_x1                                     Main.o
                                                  key.o
                                                  timer.o
temp_start_x2                                     Main.o
timer1_handler                                    timer.o
timer2_handler                                    timer.o
tt                                                Main.o
ttt                                               Main.o
                                                  key.o
vsprintf                                          /root/arm-2011.03//arm-none-eabi/lib/libc.a(lib_a-vsprintf.o)
                                                  Lcd.o
                                                  Uart.o
